2025-02-06 10:48:29 - Intento de inicio de sesión
Error de inicio de sesión para usuario: admin
2025-02-06 10:49:32 - Intento de inicio de sesión
Inicio de sesión exitoso para: admin
2025-02-06 10:49:58 - Intento de inicio de sesión
2025-02-06 10:50:01 - Intento de inicio de sesión
Error de inicio de sesión para usuario: usuarioEstandar
2025-02-06 10:50:23 - Intento de inicio de sesión
Inicio de sesión exitoso para: usuarioEstandar
2025-02-06 10:50:25 - Intento de inicio de sesión
2025-02-06 10:50:33 - Intento de inicio de sesión
Inicio de sesión exitoso para: usuarioEstandar
2025-02-06 10:55:30 - Intento de inicio de sesión
2025-02-06 10:55:31 - Intento de inicio de sesión
2025-02-06 10:55:33 - Intento de inicio de sesión
Error de inicio de sesión para usuario: admin
2025-02-06 10:55:55 - Intento de inicio de sesión
Error de inicio de sesión para usuario: admin
2025-02-06 10:56:31 - Intento de inicio de sesión
Error de inicio de sesión para usuario: admin
2025-02-06 10:56:37 - Intento de inicio de sesión
Error de inicio de sesión para usuario: admin1
2025-02-06 10:56:41 - Intento de inicio de sesión
Inicio de sesión exitoso para: admin
